Install dependencies
jq app is already installed
/Applications/Karabiner-Elements.app
Karabiner-Elements app is already installed
/Applications/AltTab.app
AltTab app is already installed
/Applications/Rectangle.app
Rectangle app is already installed
Close Karabiner
killall Karabiner-Menu
Backup karabiner config
Copy file karabiner/default.json to ~/.config/karabiner/karabiner.json
Delete existing Karabiner profile
jq --arg PROFILE_NAME "PCfy" 'del(.profiles[] | select(.name == "PCfy"))' ~/.config/karabiner/karabiner.json >tmp && mv tmp ~/.config/karabiner/karabiner.json
Create new Karabiner profile
Copy file karabiner/karabiner-profile.json to tmp
jq '.profiles += $profile' ~/.config/karabiner/karabiner.json --slurpfile profile tmp --indent 4 >INPUT.tmp && mv INPUT.tmp ~/.config/karabiner/karabiner.json && rm tmp
Rename new Karabiner profile
Copy file karabiner/karabiner-profile.json to tmp
jq '.profiles |= map(if .name == "_PROFILE_NAME_" then .name = "PCfy" else . end)' ~/.config/karabiner/karabiner.json > tmp && mv tmp ~/.config/karabiner/karabiner.json
Unselect other Karabiner profiles
jq '.profiles |= map(if .name != "PCfy" then .selected = false else . end)' ~/.config/karabiner/karabiner.json > tmp && mv tmp ~/.config/karabiner/karabiner.json
Apply terminal rules
Copy file karabiner/warp.json to ~/.config/karabiner/assets/complex_modifications/warp.json
jq --arg PROFILE_NAME "PCfy" '(.profiles[] | select(.name == "PCfy") | .complex_modifications.rules) += $rules[].rules' ~/.config/karabiner/karabiner.json --slurpfile rules ~/.config/karabiner/assets/complex_modifications/warp.json >tmp && mv tmp ~/.config/karabiner/karabiner.json
Apply main Karabiner rules
Copy file karabiner/main.json to ~/.config/karabiner/assets/complex_modifications/main.json
jq --arg PROFILE_NAME "PCfy" '(.profiles[] | select(.name == "PCfy") | .complex_modifications.rules) += $rules[].rules' ~/.config/karabiner/karabiner.json --slurpfile rules ~/.config/karabiner/assets/complex_modifications/main.json >tmp && mv tmp ~/.config/karabiner/karabiner.json
Copy file karabiner/finder.json to ~/.config/karabiner/assets/complex_modifications/finder.json
jq --arg PROFILE_NAME "PCfy" '(.profiles[] | select(.name == "PCfy") | .complex_modifications.rules) += $rules[].rules' ~/.config/karabiner/karabiner.json --slurpfile rules ~/.config/karabiner/assets/complex_modifications/finder.json >tmp && mv tmp ~/.config/karabiner/karabiner.json
Apply app launcher rules
Copy file karabiner/alfred.json to ~/.config/karabiner/assets/complex_modifications/alfred.json
jq --arg PROFILE_NAME "PCfy" '(.profiles[] | select(.name == "PCfy") | .complex_modifications.rules) += $rules[].rules' ~/.config/karabiner/karabiner.json --slurpfile rules ~/.config/karabiner/assets/complex_modifications/alfred.json >tmp && mv tmp ~/.config/karabiner/karabiner.json
Copy file alfred/prefs.plist to ~/Library/Application Support/Alfred/Alfred.alfredpreferences/preferences/local/64185304872debd80b4a1545f17ff4716b29e2d4/hotkey/prefs.plist
Apply keyboard layout rules
Reformat Karabiner config file
jq '.' ~/.config/karabiner/karabiner.json > tmp && mv tmp ~/.config/karabiner/karabiner.json
Open Karabiner-Elements.app
open -a Karabiner-Elements
Install IDE keymaps
Copy file keymaps/idea.xml to ~/Library/Application Support/JetBrains/IntelliJIdea2023.1/keymaps/intellij-idea-ultimate.xml
Copy file keymaps/idea.xml to ~/Library/Application Support/JetBrains/IntelliJIdea2023.2/keymaps/intellij-idea-ultimate.xml
Copy file keymaps/idea.xml to ~/Library/Application Support/JetBrains/IdeaIC2023.2/keymaps/intellij-idea-community-edition.xml
PyCharm Professional Edition not found. Skipping...
PyCharm Community Edition not found. Skipping...
Copy file keymaps/idea.xml to ~/Library/Application Support/JetBrains/GoLand2023.2/keymaps/goland.xml
Android Studio not found. Skipping...
Copy file keymaps/fleet.json to ~/Library/Application Support/JetBrains/Fleet/keymap/user.json
Close rectangle
killall Rectangle
Install Rectangle preferences
Copy file rectangle/com.knollsoft.Rectangle.plist to ~/Library/Preferences/com.knollsoft.Rectangle.plist
plutil -convert binary1 ~/Library/Preferences/com.knollsoft.Rectangle.plist
defaults read com.knollsoft.Rectangle.plist
Open Rectangle.app
open -a Rectangle
Close AtlTab.app
killall AltTab
Install AltTab preferences
Exclude [com.spotify.client com.apple.finder com.apple.AppStore] from AltTab
Copy file alt-tab/com.lwouis.alt-tab-macos.plist to ~/Library/Preferences/com.lwouis.alt-tab-macos.plist
plutil -convert binary1 ~/Library/Preferences/com.lwouis.alt-tab-macos.plist
defaults read com.lwouis.alt-tab-macos.plist
Open AtlTab.app
open -a AltTab
Apply system settings
defaults write com.apple.dock autohide -bool true
defaults write com.apple.dock autohide-delay -float 2
defaults write com.apple.dock "mineffect" -string "scale"
Copy file system/DefaultKeyBinding.dict to ~/Library/KeyBindings/DefaultKeyBinding.dict
defaults write com.apple.finder AppleShowAllFiles -bool true
defaults write com.apple.finder _FXSortFoldersFirst -bool true
defaults write com.apple.finder _FXShowPosixPathInTitle -bool true
killall Dock
Copy hidutil remapping file
Copy file system/com.github.pcfy-my-mac.plist to ~/Library/LaunchAgents/com.github.pcfy-my-mac.plist
Execute hidutil command
hidutil property --set '{"UserKeyMapping":[ { "HIDKeyboardModifierMappingSrc": 0x7000000E0, "HIDKeyboardModifierMappingDst": 0x7000000E3 }, { "HIDKeyboardModifierMappingSrc": 0x7000000E3, "HIDKeyboardModifierMappingDst": 0x7000000E0 }, { "HIDKeyboardModifierMappingSrc": 0x7000000E4, "HIDKeyboardModifierMappingDst": 0x7000000E7 }, { "HIDKeyboardModifierMappingSrc": 0x7000000E7, "HIDKeyboardModifierMappingDst": 0x7000000E4 } ]}'
Installed successfully
PC'fied

Almost ready!

1. Restart the tools (if any) you installed the keymaps for, and then select
   the new keymap "PCfy" in settings.
2. Grant appropriate system permissions to the following tools when prompted:
 • Karabiner-Elements
 • Alt-Tab
 • Rectangle
